// Jest Snapshot v1, https://goo.gl/fbAQLP

exports[`Main Page Test shallow render 1`] = `
<Layout
  description="Home de la aplicaciÃ³n"
  title="Home"
>
  <div>
    hola mundo
  </div>
</Layout>
`;
