// Jest Snapshot v1, https://goo.gl/fbAQLP

exports[`Router Page Test should match snapshot 1`] = `
<Suspense
  fallback={<LazyFallback />}
>
  <Switch>
    <Route
      component={
        Object {
          "$$typeof": Symbol(react.lazy),
          "_ctor": [Function],
          "_result": null,
          "_status": -1,
        }
      }
      path="/"
    />
  </Switch>
</Suspense>
`;
