// Jest Snapshot v1, https://goo.gl/fbAQLP

exports[`App Page Test should match snapshot 1`] = `
<GlobalErrorBoundary>
  <Provider
    store={
      Object {
        "dispatch": [Function],
        "getState": [Function],
        "replaceReducer": [Function],
        "subscribe": [Function],
        Symbol(observable): [Function],
      }
    }
  >
    <appRouter />
  </Provider>
</GlobalErrorBoundary>
`;
