// Jest Snapshot v1, https://goo.gl/fbAQLP

exports[`Lazy Page Test should match snapshot 1`] = `
<styled.div>
  <styled.span>
    Cargando p√°gina...
  </styled.span>
</styled.div>
`;
