// Jest Snapshot v1, https://goo.gl/fbAQLP

exports[`Mostrar Pasaporte Test should match snapshot 1`] = `
<ContextProvider
  value={
    Object {
      "history": Object {
        "action": "PUSH",
        "block": [Function],
        "canGo": [Function],
        "createHref": [Function],
        "entries": Array [
          Object {
            "hash": "",
            "key": "2afqjr",
            "pathname": "/",
            "search": "",
            "state": undefined,
          },
          Object {
            "hash": "",
            "key": "iy1nfk",
            "pathname": "/pasaportes/show/1",
            "search": "",
            "state": undefined,
          },
        ],
        "go": [Function],
        "goBack": [Function],
        "goForward": [Function],
        "index": 1,
        "length": 2,
        "listen": [Function],
        "location": Object {
          "hash": "",
          "key": "iy1nfk",
          "pathname": "/pasaportes/show/1",
          "search": "",
          "state": undefined,
        },
        "push": [Function],
        "replace": [Function],
      },
      "location": Object {
        "hash": "",
        "key": "iy1nfk",
        "pathname": "/pasaportes/show/1",
        "search": "",
        "state": undefined,
      },
      "match": Object {
        "isExact": false,
        "params": Object {},
        "path": "/",
        "url": "/",
      },
      "staticContext": undefined,
    }
  }
>
  <ContextProvider
    value={
      Object {
        "action": "PUSH",
        "block": [Function],
        "canGo": [Function],
        "createHref": [Function],
        "entries": Array [
          Object {
            "hash": "",
            "key": "2afqjr",
            "pathname": "/",
            "search": "",
            "state": undefined,
          },
          Object {
            "hash": "",
            "key": "iy1nfk",
            "pathname": "/pasaportes/show/1",
            "search": "",
            "state": undefined,
          },
        ],
        "go": [Function],
        "goBack": [Function],
        "goForward": [Function],
        "index": 1,
        "length": 2,
        "listen": [Function],
        "location": Object {
          "hash": "",
          "key": "iy1nfk",
          "pathname": "/pasaportes/show/1",
          "search": "",
          "state": undefined,
        },
        "push": [Function],
        "replace": [Function],
      }
    }
  >
    <MostrarPasaportes
      mostrarPasaporte={[MockFunction]}
      pasaporte={
        Object {
          "address": "ipsun",
          "application_date": "2021-01-01",
          "birthdate": "2021-01-01",
          "document_id": 12345,
          "fullname": "lorem",
        }
      }
    />
  </ContextProvider>
</ContextProvider>
`;
