// Jest Snapshot v1, https://goo.gl/fbAQLP

exports[`Show Page Test shallow render 1`] = `
<Layout
  description="Ver de pasaporte"
  title="Pasaportes"
>
  <Connect(MostrarPasaportes) />
</Layout>
`;
